<?xml version="1.0" encoding="UTF-8"?>
<testsuites name="jest tests" tests="4" failures="0" errors="0" time="11.325">
  <testsuite name="MatchService" errors="0" failures="0" skipped="0" timestamp="2024-09-18T07:31:02" time="8.862" tests="2">
    <testcase classname="MatchService Should fetch live matches and update the store" name="MatchService Should fetch live matches and update the store" time="0.003">
    </testcase>
    <testcase classname="MatchService Should handle errors" name="MatchService Should handle errors" time="0">
    </testcase>
  </testsuite>
  <testsuite name="Matches component" errors="0" failures="0" skipped="0" timestamp="2024-09-18T07:31:11" time="1.996" tests="1">
    <testcase classname="Matches component renders table with correct columns and data" name="Matches component renders table with correct columns and data" time="0.391">
    </testcase>
  </testsuite>
  <testsuite name="transformMatchesFromExternal" errors="0" failures="0" skipped="0" timestamp="2024-09-18T07:31:13" time="0.156" tests="1">
    <testcase classname="transformMatchesFromExternal Should transform external match data to internal match data format" name="transformMatchesFromExternal Should transform external match data to internal match data format" time="0.002">
    </testcase>
  </testsuite>
</testsuites>